2024-02-19T21:35:55.038Z [Modules] Modules initializing
2024-02-19T21:35:55.038Z [Modules] Distribution: remote
2024-02-19T21:35:55.038Z [Modules] Host updates: enabled
2024-02-19T21:35:55.038Z [Modules] Module updates: enabled
2024-02-19T21:35:55.039Z [Modules] Module install path: /home/zach/.config/discord/0.0.43/modules
2024-02-19T21:35:55.039Z [Modules] Module installed file path: /home/zach/.config/discord/0.0.43/modules/installed.json
2024-02-19T21:35:55.039Z [Modules] Module download path: /home/zach/.config/discord/0.0.43/modules/pending
2024-02-19T21:35:55.163Z [Modules] Bootstrapping...
2024-02-19T21:35:55.163Z [Modules] Installing discord_desktop_core@0 from /opt/discord/resources/bootstrap/discord_desktop_core.zip
2024-02-19T21:35:55.165Z [Modules] Failed installing discord_desktop_core@0: Error: ENOENT: no such file or directory, open '/opt/discord/resources/bootstrap/discord_desktop_core.zip'
2024-02-19T21:35:55.166Z [Modules] Installing discord_erlpack@0 from /opt/discord/resources/bootstrap/discord_erlpack.zip
2024-02-19T21:35:55.167Z [Modules] Failed installing discord_erlpack@0: Error: ENOENT: no such file or directory, open '/opt/discord/resources/bootstrap/discord_erlpack.zip'
2024-02-19T21:35:55.167Z [Modules] Installing discord_spellcheck@0 from /opt/discord/resources/bootstrap/discord_spellcheck.zip
2024-02-19T21:35:55.168Z [Modules] Failed installing discord_spellcheck@0: Error: ENOENT: no such file or directory, open '/opt/discord/resources/bootstrap/discord_spellcheck.zip'
2024-02-19T21:35:55.168Z [Modules] Installing discord_utils@0 from /opt/discord/resources/bootstrap/discord_utils.zip
2024-02-19T21:35:55.169Z [Modules] Failed installing discord_utils@0: Error: ENOENT: no such file or directory, open '/opt/discord/resources/bootstrap/discord_utils.zip'
2024-02-19T21:35:55.169Z [Modules] Installing discord_voice@0 from /opt/discord/resources/bootstrap/discord_voice.zip
2024-02-19T21:35:55.170Z [Modules] Failed installing discord_voice@0: Error: ENOENT: no such file or directory, open '/opt/discord/resources/bootstrap/discord_voice.zip'
2024-02-19T21:35:55.170Z [Modules] Finished module installations. [success: 0] [failure: 5]
2024-02-19T21:35:55.170Z [Modules] Checking for host updates.
2024-02-19T21:35:55.365Z [Modules] Host is up to date.
2024-02-19T21:35:55.365Z [Modules] Checking for module updates at https://discord.com/api/modules/stable/versions.json
2024-02-19T21:35:55.398Z [Modules] Module update available: discord_desktop_core@1 [installed: 0]
2024-02-19T21:35:55.399Z [Modules] Module update available: discord_erlpack@1 [installed: 0]
2024-02-19T21:35:55.399Z [Modules] Module update available: discord_spellcheck@1 [installed: 0]
2024-02-19T21:35:55.399Z [Modules] Module update available: discord_utils@1 [installed: 0]
2024-02-19T21:35:55.399Z [Modules] Module update available: discord_voice@1 [installed: 0]
2024-02-19T21:35:55.399Z [Modules] Fetching discord_desktop_core@1 from https://discord.com/api/modules/stable/discord_desktop_core/1
2024-02-19T21:35:55.399Z [Modules] Streaming discord_desktop_core@1 to /home/zach/.config/discord/0.0.43/modules/pending/discord_desktop_core-1.zip
2024-02-19T21:35:55.504Z [Modules] Streaming discord_desktop_core@1 to /home/zach/.config/discord/0.0.43/modules/pending/discord_desktop_core-1.zip: 1%
2024-02-19T21:35:55.508Z [Modules] Streaming discord_desktop_core@1 to /home/zach/.config/discord/0.0.43/modules/pending/discord_desktop_core-1.zip: 2%
2024-02-19T21:35:55.517Z [Modules] Streaming discord_desktop_core@1 to /home/zach/.config/discord/0.0.43/modules/pending/discord_desktop_core-1.zip: 5%
2024-02-19T21:35:55.518Z [Modules] Streaming discord_desktop_core@1 to /home/zach/.config/discord/0.0.43/modules/pending/discord_desktop_core-1.zip: 6%
2024-02-19T21:35:55.526Z [Modules] Streaming discord_desktop_core@1 to /home/zach/.config/discord/0.0.43/modules/pending/discord_desktop_core-1.zip: 9%
2024-02-19T21:35:55.527Z [Modules] Streaming discord_desktop_core@1 to /home/zach/.config/discord/0.0.43/modules/pending/discord_desktop_core-1.zip: 10%
2024-02-19T21:35:55.527Z [Modules] Streaming discord_desktop_core@1 to /home/zach/.config/discord/0.0.43/modules/pending/discord_desktop_core-1.zip: 13%
2024-02-19T21:35:55.528Z [Modules] Streaming discord_desktop_core@1 to /home/zach/.config/discord/0.0.43/modules/pending/discord_desktop_core-1.zip: 16%
2024-02-19T21:35:55.530Z [Modules] Streaming discord_desktop_core@1 to /home/zach/.config/discord/0.0.43/modules/pending/discord_desktop_core-1.zip: 18%
2024-02-19T21:35:55.532Z [Modules] Streaming discord_desktop_core@1 to /home/zach/.config/discord/0.0.43/modules/pending/discord_desktop_core-1.zip: 21%
2024-02-19T21:35:55.533Z [Modules] Streaming discord_desktop_core@1 to /home/zach/.config/discord/0.0.43/modules/pending/discord_desktop_core-1.zip: 24%
2024-02-19T21:35:55.536Z [Modules] Streaming discord_desktop_core@1 to /home/zach/.config/discord/0.0.43/modules/pending/discord_desktop_core-1.zip: 27%
2024-02-19T21:35:55.538Z [Modules] Streaming discord_desktop_core@1 to /home/zach/.config/discord/0.0.43/modules/pending/discord_desktop_core-1.zip: 29%
2024-02-19T21:35:55.543Z [Modules] Streaming discord_desktop_core@1 to /home/zach/.config/discord/0.0.43/modules/pending/discord_desktop_core-1.zip: 31%
2024-02-19T21:35:55.545Z [Modules] Streaming discord_desktop_core@1 to /home/zach/.config/discord/0.0.43/modules/pending/discord_desktop_core-1.zip: 34%
2024-02-19T21:35:55.546Z [Modules] Streaming discord_desktop_core@1 to /home/zach/.config/discord/0.0.43/modules/pending/discord_desktop_core-1.zip: 37%
2024-02-19T21:35:55.548Z [Modules] Streaming discord_desktop_core@1 to /home/zach/.config/discord/0.0.43/modules/pending/discord_desktop_core-1.zip: 38%
2024-02-19T21:35:55.549Z [Modules] Streaming discord_desktop_core@1 to /home/zach/.config/discord/0.0.43/modules/pending/discord_desktop_core-1.zip: 41%
2024-02-19T21:35:55.550Z [Modules] Streaming discord_desktop_core@1 to /home/zach/.config/discord/0.0.43/modules/pending/discord_desktop_core-1.zip: 42%
2024-02-19T21:35:55.551Z [Modules] Streaming discord_desktop_core@1 to /home/zach/.config/discord/0.0.43/modules/pending/discord_desktop_core-1.zip: 45%
2024-02-19T21:35:55.552Z [Modules] Streaming discord_desktop_core@1 to /home/zach/.config/discord/0.0.43/modules/pending/discord_desktop_core-1.zip: 48%
2024-02-19T21:35:55.553Z [Modules] Streaming discord_desktop_core@1 to /home/zach/.config/discord/0.0.43/modules/pending/discord_desktop_core-1.zip: 51%
2024-02-19T21:35:55.554Z [Modules] Streaming discord_desktop_core@1 to /home/zach/.config/discord/0.0.43/modules/pending/discord_desktop_core-1.zip: 52%
2024-02-19T21:35:55.555Z [Modules] Streaming discord_desktop_core@1 to /home/zach/.config/discord/0.0.43/modules/pending/discord_desktop_core-1.zip: 55%
2024-02-19T21:35:55.557Z [Modules] Streaming discord_desktop_core@1 to /home/zach/.config/discord/0.0.43/modules/pending/discord_desktop_core-1.zip: 57%
2024-02-19T21:35:55.557Z [Modules] Streaming discord_desktop_core@1 to /home/zach/.config/discord/0.0.43/modules/pending/discord_desktop_core-1.zip: 60%
2024-02-19T21:35:55.558Z [Modules] Streaming discord_desktop_core@1 to /home/zach/.config/discord/0.0.43/modules/pending/discord_desktop_core-1.zip: 63%
2024-02-19T21:35:55.561Z [Modules] Streaming discord_desktop_core@1 to /home/zach/.config/discord/0.0.43/modules/pending/discord_desktop_core-1.zip: 66%
2024-02-19T21:35:55.562Z [Modules] Streaming discord_desktop_core@1 to /home/zach/.config/discord/0.0.43/modules/pending/discord_desktop_core-1.zip: 69%
2024-02-19T21:35:55.563Z [Modules] Streaming discord_desktop_core@1 to /home/zach/.config/discord/0.0.43/modules/pending/discord_desktop_core-1.zip: 71%
2024-02-19T21:35:55.564Z [Modules] Streaming discord_desktop_core@1 to /home/zach/.config/discord/0.0.43/modules/pending/discord_desktop_core-1.zip: 74%
2024-02-19T21:35:55.566Z [Modules] Streaming discord_desktop_core@1 to /home/zach/.config/discord/0.0.43/modules/pending/discord_desktop_core-1.zip: 76%
2024-02-19T21:35:55.569Z [Modules] Streaming discord_desktop_core@1 to /home/zach/.config/discord/0.0.43/modules/pending/discord_desktop_core-1.zip: 79%
2024-02-19T21:35:55.571Z [Modules] Streaming discord_desktop_core@1 to /home/zach/.config/discord/0.0.43/modules/pending/discord_desktop_core-1.zip: 80%
2024-02-19T21:35:55.571Z [Modules] Streaming discord_desktop_core@1 to /home/zach/.config/discord/0.0.43/modules/pending/discord_desktop_core-1.zip: 83%
2024-02-19T21:35:55.572Z [Modules] Streaming discord_desktop_core@1 to /home/zach/.config/discord/0.0.43/modules/pending/discord_desktop_core-1.zip: 86%
2024-02-19T21:35:55.574Z [Modules] Streaming discord_desktop_core@1 to /home/zach/.config/discord/0.0.43/modules/pending/discord_desktop_core-1.zip: 89%
2024-02-19T21:35:55.574Z [Modules] Streaming discord_desktop_core@1 to /home/zach/.config/discord/0.0.43/modules/pending/discord_desktop_core-1.zip: 94%
2024-02-19T21:35:55.575Z [Modules] Streaming discord_desktop_core@1 to /home/zach/.config/discord/0.0.43/modules/pending/discord_desktop_core-1.zip: 95%
2024-02-19T21:35:55.575Z [Modules] Streaming discord_desktop_core@1 to /home/zach/.config/discord/0.0.43/modules/pending/discord_desktop_core-1.zip: 96%
2024-02-19T21:35:55.576Z [Modules] Streaming discord_desktop_core@1 to /home/zach/.config/discord/0.0.43/modules/pending/discord_desktop_core-1.zip: 99%
2024-02-19T21:35:55.577Z [Modules] Streaming discord_desktop_core@1 to /home/zach/.config/discord/0.0.43/modules/pending/discord_desktop_core-1.zip: 100%
2024-02-19T21:35:55.578Z [Modules] Fetching discord_erlpack@1 from https://discord.com/api/modules/stable/discord_erlpack/1
2024-02-19T21:35:55.578Z [Modules] Streaming discord_erlpack@1 to /home/zach/.config/discord/0.0.43/modules/pending/discord_erlpack-1.zip
2024-02-19T21:35:55.651Z [Modules] Streaming discord_erlpack@1 to /home/zach/.config/discord/0.0.43/modules/pending/discord_erlpack-1.zip: 3%
2024-02-19T21:35:55.652Z [Modules] Streaming discord_erlpack@1 to /home/zach/.config/discord/0.0.43/modules/pending/discord_erlpack-1.zip: 5%
2024-02-19T21:35:55.653Z [Modules] Streaming discord_erlpack@1 to /home/zach/.config/discord/0.0.43/modules/pending/discord_erlpack-1.zip: 8%
2024-02-19T21:35:55.655Z [Modules] Streaming discord_erlpack@1 to /home/zach/.config/discord/0.0.43/modules/pending/discord_erlpack-1.zip: 11%
2024-02-19T21:35:55.656Z [Modules] Streaming discord_erlpack@1 to /home/zach/.config/discord/0.0.43/modules/pending/discord_erlpack-1.zip: 12%
2024-02-19T21:35:55.657Z [Modules] Streaming discord_erlpack@1 to /home/zach/.config/discord/0.0.43/modules/pending/discord_erlpack-1.zip: 16%
2024-02-19T21:35:55.658Z [Modules] Streaming discord_erlpack@1 to /home/zach/.config/discord/0.0.43/modules/pending/discord_erlpack-1.zip: 17%
2024-02-19T21:35:55.659Z [Modules] Streaming discord_erlpack@1 to /home/zach/.config/discord/0.0.43/modules/pending/discord_erlpack-1.zip: 20%
2024-02-19T21:35:55.660Z [Modules] Streaming discord_erlpack@1 to /home/zach/.config/discord/0.0.43/modules/pending/discord_erlpack-1.zip: 23%
2024-02-19T21:35:55.661Z [Modules] Streaming discord_erlpack@1 to /home/zach/.config/discord/0.0.43/modules/pending/discord_erlpack-1.zip: 24%
2024-02-19T21:35:55.662Z [Modules] Streaming discord_erlpack@1 to /home/zach/.config/discord/0.0.43/modules/pending/discord_erlpack-1.zip: 28%
2024-02-19T21:35:55.663Z [Modules] Streaming discord_erlpack@1 to /home/zach/.config/discord/0.0.43/modules/pending/discord_erlpack-1.zip: 31%
2024-02-19T21:35:55.665Z [Modules] Streaming discord_erlpack@1 to /home/zach/.config/discord/0.0.43/modules/pending/discord_erlpack-1.zip: 34%
2024-02-19T21:35:55.666Z [Modules] Streaming discord_erlpack@1 to /home/zach/.config/discord/0.0.43/modules/pending/discord_erlpack-1.zip: 37%
2024-02-19T21:35:55.667Z [Modules] Streaming discord_erlpack@1 to /home/zach/.config/discord/0.0.43/modules/pending/discord_erlpack-1.zip: 40%
2024-02-19T21:35:55.669Z [Modules] Streaming discord_erlpack@1 to /home/zach/.config/discord/0.0.43/modules/pending/discord_erlpack-1.zip: 43%
2024-02-19T21:35:55.672Z [Modules] Streaming discord_erlpack@1 to /home/zach/.config/discord/0.0.43/modules/pending/discord_erlpack-1.zip: 46%
2024-02-19T21:35:55.674Z [Modules] Streaming discord_erlpack@1 to /home/zach/.config/discord/0.0.43/modules/pending/discord_erlpack-1.zip: 48%
2024-02-19T21:35:55.675Z [Modules] Streaming discord_erlpack@1 to /home/zach/.config/discord/0.0.43/modules/pending/discord_erlpack-1.zip: 51%
2024-02-19T21:35:55.676Z [Modules] Streaming discord_erlpack@1 to /home/zach/.config/discord/0.0.43/modules/pending/discord_erlpack-1.zip: 52%
2024-02-19T21:35:55.677Z [Modules] Streaming discord_erlpack@1 to /home/zach/.config/discord/0.0.43/modules/pending/discord_erlpack-1.zip: 56%
2024-02-19T21:35:55.678Z [Modules] Streaming discord_erlpack@1 to /home/zach/.config/discord/0.0.43/modules/pending/discord_erlpack-1.zip: 59%
2024-02-19T21:35:55.679Z [Modules] Streaming discord_erlpack@1 to /home/zach/.config/discord/0.0.43/modules/pending/discord_erlpack-1.zip: 63%
2024-02-19T21:35:55.681Z [Modules] Streaming discord_erlpack@1 to /home/zach/.config/discord/0.0.43/modules/pending/discord_erlpack-1.zip: 66%
2024-02-19T21:35:55.681Z [Modules] Streaming discord_erlpack@1 to /home/zach/.config/discord/0.0.43/modules/pending/discord_erlpack-1.zip: 69%
2024-02-19T21:35:55.682Z [Modules] Streaming discord_erlpack@1 to /home/zach/.config/discord/0.0.43/modules/pending/discord_erlpack-1.zip: 73%
2024-02-19T21:35:55.684Z [Modules] Streaming discord_erlpack@1 to /home/zach/.config/discord/0.0.43/modules/pending/discord_erlpack-1.zip: 75%
2024-02-19T21:35:55.685Z [Modules] Streaming discord_erlpack@1 to /home/zach/.config/discord/0.0.43/modules/pending/discord_erlpack-1.zip: 78%
2024-02-19T21:35:55.685Z [Modules] Streaming discord_erlpack@1 to /home/zach/.config/discord/0.0.43/modules/pending/discord_erlpack-1.zip: 79%
2024-02-19T21:35:55.686Z [Modules] Streaming discord_erlpack@1 to /home/zach/.config/discord/0.0.43/modules/pending/discord_erlpack-1.zip: 82%
2024-02-19T21:35:55.686Z [Modules] Streaming discord_erlpack@1 to /home/zach/.config/discord/0.0.43/modules/pending/discord_erlpack-1.zip: 84%
2024-02-19T21:35:55.688Z [Modules] Streaming discord_erlpack@1 to /home/zach/.config/discord/0.0.43/modules/pending/discord_erlpack-1.zip: 87%
2024-02-19T21:35:55.688Z [Modules] Streaming discord_erlpack@1 to /home/zach/.config/discord/0.0.43/modules/pending/discord_erlpack-1.zip: 89%
2024-02-19T21:35:55.689Z [Modules] Streaming discord_erlpack@1 to /home/zach/.config/discord/0.0.43/modules/pending/discord_erlpack-1.zip: 91%
2024-02-19T21:35:55.690Z [Modules] Streaming discord_erlpack@1 to /home/zach/.config/discord/0.0.43/modules/pending/discord_erlpack-1.zip: 94%
2024-02-19T21:35:55.691Z [Modules] Streaming discord_erlpack@1 to /home/zach/.config/discord/0.0.43/modules/pending/discord_erlpack-1.zip: 96%
2024-02-19T21:35:55.692Z [Modules] Streaming discord_erlpack@1 to /home/zach/.config/discord/0.0.43/modules/pending/discord_erlpack-1.zip: 99%
2024-02-19T21:35:55.692Z [Modules] Streaming discord_erlpack@1 to /home/zach/.config/discord/0.0.43/modules/pending/discord_erlpack-1.zip: 100%
2024-02-19T21:35:55.693Z [Modules] Fetching discord_spellcheck@1 from https://discord.com/api/modules/stable/discord_spellcheck/1
2024-02-19T21:35:55.693Z [Modules] Streaming discord_spellcheck@1 to /home/zach/.config/discord/0.0.43/modules/pending/discord_spellcheck-1.zip
2024-02-19T21:35:55.760Z [Modules] Streaming discord_spellcheck@1 to /home/zach/.config/discord/0.0.43/modules/pending/discord_spellcheck-1.zip: 1%
2024-02-19T21:35:55.762Z [Modules] Streaming discord_spellcheck@1 to /home/zach/.config/discord/0.0.43/modules/pending/discord_spellcheck-1.zip: 2%
2024-02-19T21:35:55.765Z [Modules] Streaming discord_spellcheck@1 to /home/zach/.config/discord/0.0.43/modules/pending/discord_spellcheck-1.zip: 3%
2024-02-19T21:35:55.766Z [Modules] Streaming discord_spellcheck@1 to /home/zach/.config/discord/0.0.43/modules/pending/discord_spellcheck-1.zip: 4%
2024-02-19T21:35:55.769Z [Modules] Streaming discord_spellcheck@1 to /home/zach/.config/discord/0.0.43/modules/pending/discord_spellcheck-1.zip: 5%
2024-02-19T21:35:55.772Z [Modules] Streaming discord_spellcheck@1 to /home/zach/.config/discord/0.0.43/modules/pending/discord_spellcheck-1.zip: 6%
2024-02-19T21:35:55.775Z [Modules] Streaming discord_spellcheck@1 to /home/zach/.config/discord/0.0.43/modules/pending/discord_spellcheck-1.zip: 7%
2024-02-19T21:35:55.776Z [Modules] Streaming discord_spellcheck@1 to /home/zach/.config/discord/0.0.43/modules/pending/discord_spellcheck-1.zip: 8%
2024-02-19T21:35:55.778Z [Modules] Streaming discord_spellcheck@1 to /home/zach/.config/discord/0.0.43/modules/pending/discord_spellcheck-1.zip: 9%
2024-02-19T21:35:55.780Z [Modules] Streaming discord_spellcheck@1 to /home/zach/.config/discord/0.0.43/modules/pending/discord_spellcheck-1.zip: 10%
2024-02-19T21:35:55.782Z [Modules] Streaming discord_spellcheck@1 to /home/zach/.config/discord/0.0.43/modules/pending/discord_spellcheck-1.zip: 11%
2024-02-19T21:35:55.784Z [Modules] Streaming discord_spellcheck@1 to /home/zach/.config/discord/0.0.43/modules/pending/discord_spellcheck-1.zip: 12%
2024-02-19T21:35:55.787Z [Modules] Streaming discord_spellcheck@1 to /home/zach/.config/discord/0.0.43/modules/pending/discord_spellcheck-1.zip: 13%
2024-02-19T21:35:55.788Z [Modules] Streaming discord_spellcheck@1 to /home/zach/.config/discord/0.0.43/modules/pending/discord_spellcheck-1.zip: 14%
2024-02-19T21:35:55.791Z [Modules] Streaming discord_spellcheck@1 to /home/zach/.config/discord/0.0.43/modules/pending/discord_spellcheck-1.zip: 15%
2024-02-19T21:35:55.793Z [Modules] Streaming discord_spellcheck@1 to /home/zach/.config/discord/0.0.43/modules/pending/discord_spellcheck-1.zip: 16%
2024-02-19T21:35:55.796Z [Modules] Streaming discord_spellcheck@1 to /home/zach/.config/discord/0.0.43/modules/pending/discord_spellcheck-1.zip: 17%
2024-02-19T21:35:55.798Z [Modules] Streaming discord_spellcheck@1 to /home/zach/.config/discord/0.0.43/modules/pending/discord_spellcheck-1.zip: 18%
2024-02-19T21:35:55.800Z [Modules] Streaming discord_spellcheck@1 to /home/zach/.config/discord/0.0.43/modules/pending/discord_spellcheck-1.zip: 19%
2024-02-19T21:35:55.802Z [Modules] Streaming discord_spellcheck@1 to /home/zach/.config/discord/0.0.43/modules/pending/discord_spellcheck-1.zip: 20%
2024-02-19T21:35:55.805Z [Modules] Streaming discord_spellcheck@1 to /home/zach/.config/discord/0.0.43/modules/pending/discord_spellcheck-1.zip: 21%
2024-02-19T21:35:55.806Z [Modules] Streaming discord_spellcheck@1 to /home/zach/.config/discord/0.0.43/modules/pending/discord_spellcheck-1.zip: 22%
2024-02-19T21:35:55.809Z [Modules] Streaming discord_spellcheck@1 to /home/zach/.config/discord/0.0.43/modules/pending/discord_spellcheck-1.zip: 23%
2024-02-19T21:35:55.810Z [Modules] Streaming discord_spellcheck@1 to /home/zach/.config/discord/0.0.43/modules/pending/discord_spellcheck-1.zip: 24%
2024-02-19T21:35:55.813Z [Modules] Streaming discord_spellcheck@1 to /home/zach/.config/discord/0.0.43/modules/pending/discord_spellcheck-1.zip: 25%
2024-02-19T21:35:55.815Z [Modules] Streaming discord_spellcheck@1 to /home/zach/.config/discord/0.0.43/modules/pending/discord_spellcheck-1.zip: 26%
2024-02-19T21:35:55.818Z [Modules] Streaming discord_spellcheck@1 to /home/zach/.config/discord/0.0.43/modules/pending/discord_spellcheck-1.zip: 27%
2024-02-19T21:35:55.823Z [Modules] Streaming discord_spellcheck@1 to /home/zach/.config/discord/0.0.43/modules/pending/discord_spellcheck-1.zip: 28%
2024-02-19T21:35:55.824Z [Modules] Streaming discord_spellcheck@1 to /home/zach/.config/discord/0.0.43/modules/pending/discord_spellcheck-1.zip: 29%
2024-02-19T21:35:55.825Z [Modules] Streaming discord_spellcheck@1 to /home/zach/.config/discord/0.0.43/modules/pending/discord_spellcheck-1.zip: 30%
2024-02-19T21:35:55.827Z [Modules] Streaming discord_spellcheck@1 to /home/zach/.config/discord/0.0.43/modules/pending/discord_spellcheck-1.zip: 31%
2024-02-19T21:35:55.829Z [Modules] Streaming discord_spellcheck@1 to /home/zach/.config/discord/0.0.43/modules/pending/discord_spellcheck-1.zip: 32%
2024-02-19T21:35:55.831Z [Modules] Streaming discord_spellcheck@1 to /home/zach/.config/discord/0.0.43/modules/pending/discord_spellcheck-1.zip: 33%
2024-02-19T21:35:55.834Z [Modules] Streaming discord_spellcheck@1 to /home/zach/.config/discord/0.0.43/modules/pending/discord_spellcheck-1.zip: 34%
2024-02-19T21:35:55.835Z [Modules] Streaming discord_spellcheck@1 to /home/zach/.config/discord/0.0.43/modules/pending/discord_spellcheck-1.zip: 35%
2024-02-19T21:35:55.838Z [Modules] Streaming discord_spellcheck@1 to /home/zach/.config/discord/0.0.43/modules/pending/discord_spellcheck-1.zip: 36%
2024-02-19T21:35:55.842Z [Modules] Streaming discord_spellcheck@1 to /home/zach/.config/discord/0.0.43/modules/pending/discord_spellcheck-1.zip: 37%
2024-02-19T21:35:55.843Z [Modules] Streaming discord_spellcheck@1 to /home/zach/.config/discord/0.0.43/modules/pending/discord_spellcheck-1.zip: 38%
2024-02-19T21:35:55.844Z [Modules] Streaming discord_spellcheck@1 to /home/zach/.config/discord/0.0.43/modules/pending/discord_spellcheck-1.zip: 39%
2024-02-19T21:35:55.848Z [Modules] Streaming discord_spellcheck@1 to /home/zach/.config/discord/0.0.43/modules/pending/discord_spellcheck-1.zip: 40%
2024-02-19T21:35:55.850Z [Modules] Streaming discord_spellcheck@1 to /home/zach/.config/discord/0.0.43/modules/pending/discord_spellcheck-1.zip: 41%
2024-02-19T21:35:55.853Z [Modules] Streaming discord_spellcheck@1 to /home/zach/.config/discord/0.0.43/modules/pending/discord_spellcheck-1.zip: 42%
2024-02-19T21:35:55.855Z [Modules] Streaming discord_spellcheck@1 to /home/zach/.config/discord/0.0.43/modules/pending/discord_spellcheck-1.zip: 43%
2024-02-19T21:35:55.857Z [Modules] Streaming discord_spellcheck@1 to /home/zach/.config/discord/0.0.43/modules/pending/discord_spellcheck-1.zip: 44%
2024-02-19T21:35:55.858Z [Modules] Streaming discord_spellcheck@1 to /home/zach/.config/discord/0.0.43/modules/pending/discord_spellcheck-1.zip: 45%
2024-02-19T21:35:55.860Z [Modules] Streaming discord_spellcheck@1 to /home/zach/.config/discord/0.0.43/modules/pending/discord_spellcheck-1.zip: 46%
2024-02-19T21:35:55.863Z [Modules] Streaming discord_spellcheck@1 to /home/zach/.config/discord/0.0.43/modules/pending/discord_spellcheck-1.zip: 47%
2024-02-19T21:35:55.865Z [Modules] Streaming discord_spellcheck@1 to /home/zach/.config/discord/0.0.43/modules/pending/discord_spellcheck-1.zip: 48%
2024-02-19T21:35:55.868Z [Modules] Streaming discord_spellcheck@1 to /home/zach/.config/discord/0.0.43/modules/pending/discord_spellcheck-1.zip: 49%
2024-02-19T21:35:55.870Z [Modules] Streaming discord_spellcheck@1 to /home/zach/.config/discord/0.0.43/modules/pending/discord_spellcheck-1.zip: 50%
2024-02-19T21:35:55.872Z [Modules] Streaming discord_spellcheck@1 to /home/zach/.config/discord/0.0.43/modules/pending/discord_spellcheck-1.zip: 51%
2024-02-19T21:35:55.877Z [Modules] Streaming discord_spellcheck@1 to /home/zach/.config/discord/0.0.43/modules/pending/discord_spellcheck-1.zip: 52%
2024-02-19T21:35:55.878Z [Modules] Streaming discord_spellcheck@1 to /home/zach/.config/discord/0.0.43/modules/pending/discord_spellcheck-1.zip: 53%
2024-02-19T21:35:55.879Z [Modules] Streaming discord_spellcheck@1 to /home/zach/.config/discord/0.0.43/modules/pending/discord_spellcheck-1.zip: 54%
2024-02-19T21:35:55.881Z [Modules] Streaming discord_spellcheck@1 to /home/zach/.config/discord/0.0.43/modules/pending/discord_spellcheck-1.zip: 55%
2024-02-19T21:35:55.883Z [Modules] Streaming discord_spellcheck@1 to /home/zach/.config/discord/0.0.43/modules/pending/discord_spellcheck-1.zip: 56%
2024-02-19T21:35:55.885Z [Modules] Streaming discord_spellcheck@1 to /home/zach/.config/discord/0.0.43/modules/pending/discord_spellcheck-1.zip: 57%
2024-02-19T21:35:55.887Z [Modules] Streaming discord_spellcheck@1 to /home/zach/.config/discord/0.0.43/modules/pending/discord_spellcheck-1.zip: 58%
2024-02-19T21:35:55.890Z [Modules] Streaming discord_spellcheck@1 to /home/zach/.config/discord/0.0.43/modules/pending/discord_spellcheck-1.zip: 59%
2024-02-19T21:35:55.891Z [Modules] Streaming discord_spellcheck@1 to /home/zach/.config/discord/0.0.43/modules/pending/discord_spellcheck-1.zip: 60%
2024-02-19T21:35:55.893Z [Modules] Streaming discord_spellcheck@1 to /home/zach/.config/discord/0.0.43/modules/pending/discord_spellcheck-1.zip: 61%
2024-02-19T21:35:55.897Z [Modules] Streaming discord_spellcheck@1 to /home/zach/.config/discord/0.0.43/modules/pending/discord_spellcheck-1.zip: 62%
2024-02-19T21:35:55.899Z [Modules] Streaming discord_spellcheck@1 to /home/zach/.config/discord/0.0.43/modules/pending/discord_spellcheck-1.zip: 63%
2024-02-19T21:35:55.901Z [Modules] Streaming discord_spellcheck@1 to /home/zach/.config/discord/0.0.43/modules/pending/discord_spellcheck-1.zip: 64%
2024-02-19T21:35:55.902Z [Modules] Streaming discord_spellcheck@1 to /home/zach/.config/discord/0.0.43/modules/pending/discord_spellcheck-1.zip: 65%
2024-02-19T21:35:55.905Z [Modules] Streaming discord_spellcheck@1 to /home/zach/.config/discord/0.0.43/modules/pending/discord_spellcheck-1.zip: 66%
2024-02-19T21:35:55.907Z [Modules] Streaming discord_spellcheck@1 to /home/zach/.config/discord/0.0.43/modules/pending/discord_spellcheck-1.zip: 67%
2024-02-19T21:35:55.910Z [Modules] Streaming discord_spellcheck@1 to /home/zach/.config/discord/0.0.43/modules/pending/discord_spellcheck-1.zip: 68%
2024-02-19T21:35:55.911Z [Modules] Streaming discord_spellcheck@1 to /home/zach/.config/discord/0.0.43/modules/pending/discord_spellcheck-1.zip: 69%
2024-02-19T21:35:55.914Z [Modules] Streaming discord_spellcheck@1 to /home/zach/.config/discord/0.0.43/modules/pending/discord_spellcheck-1.zip: 70%
2024-02-19T21:35:55.916Z [Modules] Streaming discord_spellcheck@1 to /home/zach/.config/discord/0.0.43/modules/pending/discord_spellcheck-1.zip: 71%
2024-02-19T21:35:55.918Z [Modules] Streaming discord_spellcheck@1 to /home/zach/.config/discord/0.0.43/modules/pending/discord_spellcheck-1.zip: 72%
2024-02-19T21:35:55.920Z [Modules] Streaming discord_spellcheck@1 to /home/zach/.config/discord/0.0.43/modules/pending/discord_spellcheck-1.zip: 73%
2024-02-19T21:35:55.922Z [Modules] Streaming discord_spellcheck@1 to /home/zach/.config/discord/0.0.43/modules/pending/discord_spellcheck-1.zip: 74%
2024-02-19T21:35:55.926Z [Modules] Streaming discord_spellcheck@1 to /home/zach/.config/discord/0.0.43/modules/pending/discord_spellcheck-1.zip: 75%
2024-02-19T21:35:55.926Z [Modules] Streaming discord_spellcheck@1 to /home/zach/.config/discord/0.0.43/modules/pending/discord_spellcheck-1.zip: 76%
2024-02-19T21:35:55.929Z [Modules] Streaming discord_spellcheck@1 to /home/zach/.config/discord/0.0.43/modules/pending/discord_spellcheck-1.zip: 77%
2024-02-19T21:35:55.932Z [Modules] Streaming discord_spellcheck@1 to /home/zach/.config/discord/0.0.43/modules/pending/discord_spellcheck-1.zip: 78%
2024-02-19T21:35:55.934Z [Modules] Streaming discord_spellcheck@1 to /home/zach/.config/discord/0.0.43/modules/pending/discord_spellcheck-1.zip: 79%
2024-02-19T21:35:55.936Z [Modules] Streaming discord_spellcheck@1 to /home/zach/.config/discord/0.0.43/modules/pending/discord_spellcheck-1.zip: 80%
2024-02-19T21:35:55.938Z [Modules] Streaming discord_spellcheck@1 to /home/zach/.config/discord/0.0.43/modules/pending/discord_spellcheck-1.zip: 81%
2024-02-19T21:35:55.939Z [Modules] Streaming discord_spellcheck@1 to /home/zach/.config/discord/0.0.43/modules/pending/discord_spellcheck-1.zip: 82%
2024-02-19T21:35:55.943Z [Modules] Streaming discord_spellcheck@1 to /home/zach/.config/discord/0.0.43/modules/pending/discord_spellcheck-1.zip: 83%
2024-02-19T21:35:55.945Z [Modules] Streaming discord_spellcheck@1 to /home/zach/.config/discord/0.0.43/modules/pending/discord_spellcheck-1.zip: 84%
2024-02-19T21:35:55.946Z [Modules] Streaming discord_spellcheck@1 to /home/zach/.config/discord/0.0.43/modules/pending/discord_spellcheck-1.zip: 85%
2024-02-19T21:35:55.950Z [Modules] Streaming discord_spellcheck@1 to /home/zach/.config/discord/0.0.43/modules/pending/discord_spellcheck-1.zip: 86%
2024-02-19T21:35:55.951Z [Modules] Streaming discord_spellcheck@1 to /home/zach/.config/discord/0.0.43/modules/pending/discord_spellcheck-1.zip: 87%
2024-02-19T21:35:55.954Z [Modules] Streaming discord_spellcheck@1 to /home/zach/.config/discord/0.0.43/modules/pending/discord_spellcheck-1.zip: 88%
2024-02-19T21:35:55.955Z [Modules] Streaming discord_spellcheck@1 to /home/zach/.config/discord/0.0.43/modules/pending/discord_spellcheck-1.zip: 89%
2024-02-19T21:35:55.958Z [Modules] Streaming discord_spellcheck@1 to /home/zach/.config/discord/0.0.43/modules/pending/discord_spellcheck-1.zip: 90%
2024-02-19T21:35:55.961Z [Modules] Streaming discord_spellcheck@1 to /home/zach/.config/discord/0.0.43/modules/pending/discord_spellcheck-1.zip: 91%
2024-02-19T21:35:55.963Z [Modules] Streaming discord_spellcheck@1 to /home/zach/.config/discord/0.0.43/modules/pending/discord_spellcheck-1.zip: 92%
2024-02-19T21:35:55.965Z [Modules] Streaming discord_spellcheck@1 to /home/zach/.config/discord/0.0.43/modules/pending/discord_spellcheck-1.zip: 93%
2024-02-19T21:35:55.967Z [Modules] Streaming discord_spellcheck@1 to /home/zach/.config/discord/0.0.43/modules/pending/discord_spellcheck-1.zip: 94%
2024-02-19T21:35:55.969Z [Modules] Streaming discord_spellcheck@1 to /home/zach/.config/discord/0.0.43/modules/pending/discord_spellcheck-1.zip: 95%
2024-02-19T21:35:55.971Z [Modules] Streaming discord_spellcheck@1 to /home/zach/.config/discord/0.0.43/modules/pending/discord_spellcheck-1.zip: 96%
2024-02-19T21:35:55.973Z [Modules] Streaming discord_spellcheck@1 to /home/zach/.config/discord/0.0.43/modules/pending/discord_spellcheck-1.zip: 97%
2024-02-19T21:35:55.979Z [Modules] Streaming discord_spellcheck@1 to /home/zach/.config/discord/0.0.43/modules/pending/discord_spellcheck-1.zip: 98%
2024-02-19T21:35:55.980Z [Modules] Streaming discord_spellcheck@1 to /home/zach/.config/discord/0.0.43/modules/pending/discord_spellcheck-1.zip: 99%
2024-02-19T21:35:55.981Z [Modules] Streaming discord_spellcheck@1 to /home/zach/.config/discord/0.0.43/modules/pending/discord_spellcheck-1.zip: 100%
2024-02-19T21:35:55.982Z [Modules] Fetching discord_utils@1 from https://discord.com/api/modules/stable/discord_utils/1
2024-02-19T21:35:55.982Z [Modules] Streaming discord_utils@1 to /home/zach/.config/discord/0.0.43/modules/pending/discord_utils-1.zip
2024-02-19T21:35:56.058Z [Modules] Streaming discord_utils@1 to /home/zach/.config/discord/0.0.43/modules/pending/discord_utils-1.zip: 1%
2024-02-19T21:35:56.060Z [Modules] Streaming discord_utils@1 to /home/zach/.config/discord/0.0.43/modules/pending/discord_utils-1.zip: 2%
2024-02-19T21:35:56.062Z [Modules] Streaming discord_utils@1 to /home/zach/.config/discord/0.0.43/modules/pending/discord_utils-1.zip: 4%
2024-02-19T21:35:56.062Z [Modules] Streaming discord_utils@1 to /home/zach/.config/discord/0.0.43/modules/pending/discord_utils-1.zip: 5%
2024-02-19T21:35:56.063Z [Modules] Streaming discord_utils@1 to /home/zach/.config/discord/0.0.43/modules/pending/discord_utils-1.zip: 7%
2024-02-19T21:35:56.065Z [Modules] Streaming discord_utils@1 to /home/zach/.config/discord/0.0.43/modules/pending/discord_utils-1.zip: 8%
2024-02-19T21:35:56.065Z [Modules] Streaming discord_utils@1 to /home/zach/.config/discord/0.0.43/modules/pending/discord_utils-1.zip: 11%
2024-02-19T21:35:56.067Z [Modules] Streaming discord_utils@1 to /home/zach/.config/discord/0.0.43/modules/pending/discord_utils-1.zip: 13%
2024-02-19T21:35:56.068Z [Modules] Streaming discord_utils@1 to /home/zach/.config/discord/0.0.43/modules/pending/discord_utils-1.zip: 14%
2024-02-19T21:35:56.071Z [Modules] Streaming discord_utils@1 to /home/zach/.config/discord/0.0.43/modules/pending/discord_utils-1.zip: 16%
2024-02-19T21:35:56.071Z [Modules] Streaming discord_utils@1 to /home/zach/.config/discord/0.0.43/modules/pending/discord_utils-1.zip: 17%
2024-02-19T21:35:56.073Z [Modules] Streaming discord_utils@1 to /home/zach/.config/discord/0.0.43/modules/pending/discord_utils-1.zip: 18%
2024-02-19T21:35:56.074Z [Modules] Streaming discord_utils@1 to /home/zach/.config/discord/0.0.43/modules/pending/discord_utils-1.zip: 21%
2024-02-19T21:35:56.075Z [Modules] Streaming discord_utils@1 to /home/zach/.config/discord/0.0.43/modules/pending/discord_utils-1.zip: 22%
2024-02-19T21:35:56.076Z [Modules] Streaming discord_utils@1 to /home/zach/.config/discord/0.0.43/modules/pending/discord_utils-1.zip: 24%
2024-02-19T21:35:56.079Z [Modules] Streaming discord_utils@1 to /home/zach/.config/discord/0.0.43/modules/pending/discord_utils-1.zip: 26%
2024-02-19T21:35:56.079Z [Modules] Streaming discord_utils@1 to /home/zach/.config/discord/0.0.43/modules/pending/discord_utils-1.zip: 27%
2024-02-19T21:35:56.082Z [Modules] Streaming discord_utils@1 to /home/zach/.config/discord/0.0.43/modules/pending/discord_utils-1.zip: 29%
2024-02-19T21:35:56.083Z [Modules] Streaming discord_utils@1 to /home/zach/.config/discord/0.0.43/modules/pending/discord_utils-1.zip: 31%
2024-02-19T21:35:56.084Z [Modules] Streaming discord_utils@1 to /home/zach/.config/discord/0.0.43/modules/pending/discord_utils-1.zip: 32%
2024-02-19T21:35:56.085Z [Modules] Streaming discord_utils@1 to /home/zach/.config/discord/0.0.43/modules/pending/discord_utils-1.zip: 34%
2024-02-19T21:35:56.085Z [Modules] Streaming discord_utils@1 to /home/zach/.config/discord/0.0.43/modules/pending/discord_utils-1.zip: 35%
2024-02-19T21:35:56.086Z [Modules] Streaming discord_utils@1 to /home/zach/.config/discord/0.0.43/modules/pending/discord_utils-1.zip: 37%
2024-02-19T21:35:56.088Z [Modules] Streaming discord_utils@1 to /home/zach/.config/discord/0.0.43/modules/pending/discord_utils-1.zip: 40%
2024-02-19T21:35:56.091Z [Modules] Streaming discord_utils@1 to /home/zach/.config/discord/0.0.43/modules/pending/discord_utils-1.zip: 42%
2024-02-19T21:35:56.091Z [Modules] Streaming discord_utils@1 to /home/zach/.config/discord/0.0.43/modules/pending/discord_utils-1.zip: 43%
2024-02-19T21:35:56.092Z [Modules] Streaming discord_utils@1 to /home/zach/.config/discord/0.0.43/modules/pending/discord_utils-1.zip: 44%
2024-02-19T21:35:56.093Z [Modules] Streaming discord_utils@1 to /home/zach/.config/discord/0.0.43/modules/pending/discord_utils-1.zip: 45%
2024-02-19T21:35:56.094Z [Modules] Streaming discord_utils@1 to /home/zach/.config/discord/0.0.43/modules/pending/discord_utils-1.zip: 47%
2024-02-19T21:35:56.095Z [Modules] Streaming discord_utils@1 to /home/zach/.config/discord/0.0.43/modules/pending/discord_utils-1.zip: 48%
2024-02-19T21:35:56.096Z [Modules] Streaming discord_utils@1 to /home/zach/.config/discord/0.0.43/modules/pending/discord_utils-1.zip: 50%
2024-02-19T21:35:56.096Z [Modules] Streaming discord_utils@1 to /home/zach/.config/discord/0.0.43/modules/pending/discord_utils-1.zip: 51%
2024-02-19T21:35:56.098Z [Modules] Streaming discord_utils@1 to /home/zach/.config/discord/0.0.43/modules/pending/discord_utils-1.zip: 53%
2024-02-19T21:35:56.099Z [Modules] Streaming discord_utils@1 to /home/zach/.config/discord/0.0.43/modules/pending/discord_utils-1.zip: 54%
2024-02-19T21:35:56.100Z [Modules] Streaming discord_utils@1 to /home/zach/.config/discord/0.0.43/modules/pending/discord_utils-1.zip: 56%
2024-02-19T21:35:56.101Z [Modules] Streaming discord_utils@1 to /home/zach/.config/discord/0.0.43/modules/pending/discord_utils-1.zip: 58%
2024-02-19T21:35:56.102Z [Modules] Streaming discord_utils@1 to /home/zach/.config/discord/0.0.43/modules/pending/discord_utils-1.zip: 60%
2024-02-19T21:35:56.103Z [Modules] Streaming discord_utils@1 to /home/zach/.config/discord/0.0.43/modules/pending/discord_utils-1.zip: 61%
2024-02-19T21:35:56.104Z [Modules] Streaming discord_utils@1 to /home/zach/.config/discord/0.0.43/modules/pending/discord_utils-1.zip: 63%
2024-02-19T21:35:56.106Z [Modules] Streaming discord_utils@1 to /home/zach/.config/discord/0.0.43/modules/pending/discord_utils-1.zip: 65%
2024-02-19T21:35:56.108Z [Modules] Streaming discord_utils@1 to /home/zach/.config/discord/0.0.43/modules/pending/discord_utils-1.zip: 67%
2024-02-19T21:35:56.109Z [Modules] Streaming discord_utils@1 to /home/zach/.config/discord/0.0.43/modules/pending/discord_utils-1.zip: 70%
2024-02-19T21:35:56.113Z [Modules] Streaming discord_utils@1 to /home/zach/.config/discord/0.0.43/modules/pending/discord_utils-1.zip: 72%
2024-02-19T21:35:56.115Z [Modules] Streaming discord_utils@1 to /home/zach/.config/discord/0.0.43/modules/pending/discord_utils-1.zip: 73%
2024-02-19T21:35:56.116Z [Modules] Streaming discord_utils@1 to /home/zach/.config/discord/0.0.43/modules/pending/discord_utils-1.zip: 75%
2024-02-19T21:35:56.118Z [Modules] Streaming discord_utils@1 to /home/zach/.config/discord/0.0.43/modules/pending/discord_utils-1.zip: 77%
2024-02-19T21:35:56.119Z [Modules] Streaming discord_utils@1 to /home/zach/.config/discord/0.0.43/modules/pending/discord_utils-1.zip: 79%
2024-02-19T21:35:56.120Z [Modules] Streaming discord_utils@1 to /home/zach/.config/discord/0.0.43/modules/pending/discord_utils-1.zip: 81%
2024-02-19T21:35:56.121Z [Modules] Streaming discord_utils@1 to /home/zach/.config/discord/0.0.43/modules/pending/discord_utils-1.zip: 83%
2024-02-19T21:35:56.122Z [Modules] Streaming discord_utils@1 to /home/zach/.config/discord/0.0.43/modules/pending/discord_utils-1.zip: 85%
2024-02-19T21:35:56.123Z [Modules] Streaming discord_utils@1 to /home/zach/.config/discord/0.0.43/modules/pending/discord_utils-1.zip: 87%
2024-02-19T21:35:56.124Z [Modules] Streaming discord_utils@1 to /home/zach/.config/discord/0.0.43/modules/pending/discord_utils-1.zip: 90%
2024-02-19T21:35:56.125Z [Modules] Streaming discord_utils@1 to /home/zach/.config/discord/0.0.43/modules/pending/discord_utils-1.zip: 92%
2024-02-19T21:35:56.126Z [Modules] Streaming discord_utils@1 to /home/zach/.config/discord/0.0.43/modules/pending/discord_utils-1.zip: 94%
2024-02-19T21:35:56.127Z [Modules] Streaming discord_utils@1 to /home/zach/.config/discord/0.0.43/modules/pending/discord_utils-1.zip: 96%
2024-02-19T21:35:56.130Z [Modules] Streaming discord_utils@1 to /home/zach/.config/discord/0.0.43/modules/pending/discord_utils-1.zip: 98%
2024-02-19T21:35:56.131Z [Modules] Streaming discord_utils@1 to /home/zach/.config/discord/0.0.43/modules/pending/discord_utils-1.zip: 100%
2024-02-19T21:35:56.132Z [Modules] Fetching discord_voice@1 from https://discord.com/api/modules/stable/discord_voice/1
2024-02-19T21:35:56.132Z [Modules] Streaming discord_voice@1 to /home/zach/.config/discord/0.0.43/modules/pending/discord_voice-1.zip
2024-02-19T21:35:56.201Z [Modules] Streaming discord_voice@1 to /home/zach/.config/discord/0.0.43/modules/pending/discord_voice-1.zip: 1%
2024-02-19T21:35:56.207Z [Modules] Streaming discord_voice@1 to /home/zach/.config/discord/0.0.43/modules/pending/discord_voice-1.zip: 2%
2024-02-19T21:35:56.212Z [Modules] Streaming discord_voice@1 to /home/zach/.config/discord/0.0.43/modules/pending/discord_voice-1.zip: 3%
2024-02-19T21:35:56.220Z [Modules] Streaming discord_voice@1 to /home/zach/.config/discord/0.0.43/modules/pending/discord_voice-1.zip: 4%
2024-02-19T21:35:56.225Z [Modules] Streaming discord_voice@1 to /home/zach/.config/discord/0.0.43/modules/pending/discord_voice-1.zip: 5%
2024-02-19T21:35:56.230Z [Modules] Streaming discord_voice@1 to /home/zach/.config/discord/0.0.43/modules/pending/discord_voice-1.zip: 6%
2024-02-19T21:35:56.236Z [Modules] Streaming discord_voice@1 to /home/zach/.config/discord/0.0.43/modules/pending/discord_voice-1.zip: 7%
2024-02-19T21:35:56.243Z [Modules] Streaming discord_voice@1 to /home/zach/.config/discord/0.0.43/modules/pending/discord_voice-1.zip: 8%
2024-02-19T21:35:56.247Z [Modules] Streaming discord_voice@1 to /home/zach/.config/discord/0.0.43/modules/pending/discord_voice-1.zip: 9%
2024-02-19T21:35:56.253Z [Modules] Streaming discord_voice@1 to /home/zach/.config/discord/0.0.43/modules/pending/discord_voice-1.zip: 10%
2024-02-19T21:35:56.258Z [Modules] Streaming discord_voice@1 to /home/zach/.config/discord/0.0.43/modules/pending/discord_voice-1.zip: 11%
2024-02-19T21:35:56.266Z [Modules] Streaming discord_voice@1 to /home/zach/.config/discord/0.0.43/modules/pending/discord_voice-1.zip: 12%
2024-02-19T21:35:56.270Z [Modules] Streaming discord_voice@1 to /home/zach/.config/discord/0.0.43/modules/pending/discord_voice-1.zip: 13%
2024-02-19T21:35:56.276Z [Modules] Streaming discord_voice@1 to /home/zach/.config/discord/0.0.43/modules/pending/discord_voice-1.zip: 14%
2024-02-19T21:35:56.282Z [Modules] Streaming discord_voice@1 to /home/zach/.config/discord/0.0.43/modules/pending/discord_voice-1.zip: 15%
2024-02-19T21:35:56.291Z [Modules] Streaming discord_voice@1 to /home/zach/.config/discord/0.0.43/modules/pending/discord_voice-1.zip: 16%
2024-02-19T21:35:56.295Z [Modules] Streaming discord_voice@1 to /home/zach/.config/discord/0.0.43/modules/pending/discord_voice-1.zip: 17%
2024-02-19T21:35:56.300Z [Modules] Streaming discord_voice@1 to /home/zach/.config/discord/0.0.43/modules/pending/discord_voice-1.zip: 18%
2024-02-19T21:35:56.305Z [Modules] Streaming discord_voice@1 to /home/zach/.config/discord/0.0.43/modules/pending/discord_voice-1.zip: 19%
2024-02-19T21:35:56.311Z [Modules] Streaming discord_voice@1 to /home/zach/.config/discord/0.0.43/modules/pending/discord_voice-1.zip: 20%
2024-02-19T21:35:56.317Z [Modules] Streaming discord_voice@1 to /home/zach/.config/discord/0.0.43/modules/pending/discord_voice-1.zip: 21%
2024-02-19T21:35:56.322Z [Modules] Streaming discord_voice@1 to /home/zach/.config/discord/0.0.43/modules/pending/discord_voice-1.zip: 22%
2024-02-19T21:35:56.327Z [Modules] Streaming discord_voice@1 to /home/zach/.config/discord/0.0.43/modules/pending/discord_voice-1.zip: 23%
2024-02-19T21:35:56.334Z [Modules] Streaming discord_voice@1 to /home/zach/.config/discord/0.0.43/modules/pending/discord_voice-1.zip: 24%
2024-02-19T21:35:56.341Z [Modules] Streaming discord_voice@1 to /home/zach/.config/discord/0.0.43/modules/pending/discord_voice-1.zip: 25%
2024-02-19T21:35:56.346Z [Modules] Streaming discord_voice@1 to /home/zach/.config/discord/0.0.43/modules/pending/discord_voice-1.zip: 26%
2024-02-19T21:35:56.351Z [Modules] Streaming discord_voice@1 to /home/zach/.config/discord/0.0.43/modules/pending/discord_voice-1.zip: 27%
2024-02-19T21:35:56.359Z [Modules] Streaming discord_voice@1 to /home/zach/.config/discord/0.0.43/modules/pending/discord_voice-1.zip: 28%
2024-02-19T21:35:56.364Z [Modules] Streaming discord_voice@1 to /home/zach/.config/discord/0.0.43/modules/pending/discord_voice-1.zip: 29%
2024-02-19T21:35:56.369Z [Modules] Streaming discord_voice@1 to /home/zach/.config/discord/0.0.43/modules/pending/discord_voice-1.zip: 30%
2024-02-19T21:35:56.375Z [Modules] Streaming discord_voice@1 to /home/zach/.config/discord/0.0.43/modules/pending/discord_voice-1.zip: 31%
2024-02-19T21:35:56.382Z [Modules] Streaming discord_voice@1 to /home/zach/.config/discord/0.0.43/modules/pending/discord_voice-1.zip: 32%
2024-02-19T21:35:56.391Z [Modules] Streaming discord_voice@1 to /home/zach/.config/discord/0.0.43/modules/pending/discord_voice-1.zip: 33%
2024-02-19T21:35:56.395Z [Modules] Streaming discord_voice@1 to /home/zach/.config/discord/0.0.43/modules/pending/discord_voice-1.zip: 34%
2024-02-19T21:35:56.400Z [Modules] Streaming discord_voice@1 to /home/zach/.config/discord/0.0.43/modules/pending/discord_voice-1.zip: 35%
2024-02-19T21:35:56.407Z [Modules] Streaming discord_voice@1 to /home/zach/.config/discord/0.0.43/modules/pending/discord_voice-1.zip: 36%
2024-02-19T21:35:56.415Z [Modules] Streaming discord_voice@1 to /home/zach/.config/discord/0.0.43/modules/pending/discord_voice-1.zip: 37%
2024-02-19T21:35:56.419Z [Modules] Streaming discord_voice@1 to /home/zach/.config/discord/0.0.43/modules/pending/discord_voice-1.zip: 38%
2024-02-19T21:35:56.425Z [Modules] Streaming discord_voice@1 to /home/zach/.config/discord/0.0.43/modules/pending/discord_voice-1.zip: 39%
2024-02-19T21:35:56.431Z [Modules] Streaming discord_voice@1 to /home/zach/.config/discord/0.0.43/modules/pending/discord_voice-1.zip: 40%
2024-02-19T21:35:56.437Z [Modules] Streaming discord_voice@1 to /home/zach/.config/discord/0.0.43/modules/pending/discord_voice-1.zip: 41%
2024-02-19T21:35:56.442Z [Modules] Streaming discord_voice@1 to /home/zach/.config/discord/0.0.43/modules/pending/discord_voice-1.zip: 42%
2024-02-19T21:35:56.450Z [Modules] Streaming discord_voice@1 to /home/zach/.config/discord/0.0.43/modules/pending/discord_voice-1.zip: 43%
2024-02-19T21:35:56.457Z [Modules] Streaming discord_voice@1 to /home/zach/.config/discord/0.0.43/modules/pending/discord_voice-1.zip: 44%
2024-02-19T21:35:56.462Z [Modules] Streaming discord_voice@1 to /home/zach/.config/discord/0.0.43/modules/pending/discord_voice-1.zip: 45%
2024-02-19T21:35:56.467Z [Modules] Streaming discord_voice@1 to /home/zach/.config/discord/0.0.43/modules/pending/discord_voice-1.zip: 46%
2024-02-19T21:35:56.473Z [Modules] Streaming discord_voice@1 to /home/zach/.config/discord/0.0.43/modules/pending/discord_voice-1.zip: 47%
2024-02-19T21:35:56.481Z [Modules] Streaming discord_voice@1 to /home/zach/.config/discord/0.0.43/modules/pending/discord_voice-1.zip: 48%
2024-02-19T21:35:56.487Z [Modules] Streaming discord_voice@1 to /home/zach/.config/discord/0.0.43/modules/pending/discord_voice-1.zip: 49%
2024-02-19T21:35:56.498Z [Modules] Streaming discord_voice@1 to /home/zach/.config/discord/0.0.43/modules/pending/discord_voice-1.zip: 50%
2024-02-19T21:35:56.502Z [Modules] Streaming discord_voice@1 to /home/zach/.config/discord/0.0.43/modules/pending/discord_voice-1.zip: 51%
2024-02-19T21:35:56.509Z [Modules] Streaming discord_voice@1 to /home/zach/.config/discord/0.0.43/modules/pending/discord_voice-1.zip: 52%
2024-02-19T21:35:56.516Z [Modules] Streaming discord_voice@1 to /home/zach/.config/discord/0.0.43/modules/pending/discord_voice-1.zip: 53%
2024-02-19T21:35:56.520Z [Modules] Streaming discord_voice@1 to /home/zach/.config/discord/0.0.43/modules/pending/discord_voice-1.zip: 54%
2024-02-19T21:35:56.524Z [Modules] Streaming discord_voice@1 to /home/zach/.config/discord/0.0.43/modules/pending/discord_voice-1.zip: 55%
2024-02-19T21:35:56.533Z [Modules] Streaming discord_voice@1 to /home/zach/.config/discord/0.0.43/modules/pending/discord_voice-1.zip: 56%
2024-02-19T21:35:56.553Z [Modules] Streaming discord_voice@1 to /home/zach/.config/discord/0.0.43/modules/pending/discord_voice-1.zip: 57%
2024-02-19T21:35:56.559Z [Modules] Streaming discord_voice@1 to /home/zach/.config/discord/0.0.43/modules/pending/discord_voice-1.zip: 58%
2024-02-19T21:35:56.565Z [Modules] Streaming discord_voice@1 to /home/zach/.config/discord/0.0.43/modules/pending/discord_voice-1.zip: 59%
2024-02-19T21:35:56.572Z [Modules] Streaming discord_voice@1 to /home/zach/.config/discord/0.0.43/modules/pending/discord_voice-1.zip: 60%
2024-02-19T21:35:56.577Z [Modules] Streaming discord_voice@1 to /home/zach/.config/discord/0.0.43/modules/pending/discord_voice-1.zip: 61%
2024-02-19T21:35:56.583Z [Modules] Streaming discord_voice@1 to /home/zach/.config/discord/0.0.43/modules/pending/discord_voice-1.zip: 62%
2024-02-19T21:35:56.588Z [Modules] Streaming discord_voice@1 to /home/zach/.config/discord/0.0.43/modules/pending/discord_voice-1.zip: 63%
2024-02-19T21:35:56.592Z [Modules] Streaming discord_voice@1 to /home/zach/.config/discord/0.0.43/modules/pending/discord_voice-1.zip: 64%
2024-02-19T21:35:56.601Z [Modules] Streaming discord_voice@1 to /home/zach/.config/discord/0.0.43/modules/pending/discord_voice-1.zip: 65%
2024-02-19T21:35:56.605Z [Modules] Streaming discord_voice@1 to /home/zach/.config/discord/0.0.43/modules/pending/discord_voice-1.zip: 66%
2024-02-19T21:35:56.612Z [Modules] Streaming discord_voice@1 to /home/zach/.config/discord/0.0.43/modules/pending/discord_voice-1.zip: 67%
2024-02-19T21:35:56.618Z [Modules] Streaming discord_voice@1 to /home/zach/.config/discord/0.0.43/modules/pending/discord_voice-1.zip: 68%
2024-02-19T21:35:56.625Z [Modules] Streaming discord_voice@1 to /home/zach/.config/discord/0.0.43/modules/pending/discord_voice-1.zip: 69%
2024-02-19T21:35:56.629Z [Modules] Streaming discord_voice@1 to /home/zach/.config/discord/0.0.43/modules/pending/discord_voice-1.zip: 70%
2024-02-19T21:35:56.634Z [Modules] Streaming discord_voice@1 to /home/zach/.config/discord/0.0.43/modules/pending/discord_voice-1.zip: 71%
2024-02-19T21:35:56.644Z [Modules] Streaming discord_voice@1 to /home/zach/.config/discord/0.0.43/modules/pending/discord_voice-1.zip: 72%
2024-02-19T21:35:56.651Z [Modules] Streaming discord_voice@1 to /home/zach/.config/discord/0.0.43/modules/pending/discord_voice-1.zip: 73%
2024-02-19T21:35:56.657Z [Modules] Streaming discord_voice@1 to /home/zach/.config/discord/0.0.43/modules/pending/discord_voice-1.zip: 74%
2024-02-19T21:35:56.662Z [Modules] Streaming discord_voice@1 to /home/zach/.config/discord/0.0.43/modules/pending/discord_voice-1.zip: 75%
2024-02-19T21:35:56.670Z [Modules] Streaming discord_voice@1 to /home/zach/.config/discord/0.0.43/modules/pending/discord_voice-1.zip: 76%
2024-02-19T21:35:56.674Z [Modules] Streaming discord_voice@1 to /home/zach/.config/discord/0.0.43/modules/pending/discord_voice-1.zip: 77%
2024-02-19T21:35:56.679Z [Modules] Streaming discord_voice@1 to /home/zach/.config/discord/0.0.43/modules/pending/discord_voice-1.zip: 78%
2024-02-19T21:35:56.685Z [Modules] Streaming discord_voice@1 to /home/zach/.config/discord/0.0.43/modules/pending/discord_voice-1.zip: 79%
2024-02-19T21:35:56.691Z [Modules] Streaming discord_voice@1 to /home/zach/.config/discord/0.0.43/modules/pending/discord_voice-1.zip: 80%
2024-02-19T21:35:56.698Z [Modules] Streaming discord_voice@1 to /home/zach/.config/discord/0.0.43/modules/pending/discord_voice-1.zip: 81%
2024-02-19T21:35:56.704Z [Modules] Streaming discord_voice@1 to /home/zach/.config/discord/0.0.43/modules/pending/discord_voice-1.zip: 82%
2024-02-19T21:35:56.710Z [Modules] Streaming discord_voice@1 to /home/zach/.config/discord/0.0.43/modules/pending/discord_voice-1.zip: 83%
2024-02-19T21:35:56.714Z [Modules] Streaming discord_voice@1 to /home/zach/.config/discord/0.0.43/modules/pending/discord_voice-1.zip: 84%
2024-02-19T21:35:56.721Z [Modules] Streaming discord_voice@1 to /home/zach/.config/discord/0.0.43/modules/pending/discord_voice-1.zip: 85%
2024-02-19T21:35:56.725Z [Modules] Streaming discord_voice@1 to /home/zach/.config/discord/0.0.43/modules/pending/discord_voice-1.zip: 86%
2024-02-19T21:35:56.732Z [Modules] Streaming discord_voice@1 to /home/zach/.config/discord/0.0.43/modules/pending/discord_voice-1.zip: 87%
2024-02-19T21:35:56.737Z [Modules] Streaming discord_voice@1 to /home/zach/.config/discord/0.0.43/modules/pending/discord_voice-1.zip: 88%
2024-02-19T21:35:56.744Z [Modules] Streaming discord_voice@1 to /home/zach/.config/discord/0.0.43/modules/pending/discord_voice-1.zip: 89%
2024-02-19T21:35:56.749Z [Modules] Streaming discord_voice@1 to /home/zach/.config/discord/0.0.43/modules/pending/discord_voice-1.zip: 90%
2024-02-19T21:35:56.757Z [Modules] Streaming discord_voice@1 to /home/zach/.config/discord/0.0.43/modules/pending/discord_voice-1.zip: 91%
2024-02-19T21:35:56.761Z [Modules] Streaming discord_voice@1 to /home/zach/.config/discord/0.0.43/modules/pending/discord_voice-1.zip: 92%
2024-02-19T21:35:56.767Z [Modules] Streaming discord_voice@1 to /home/zach/.config/discord/0.0.43/modules/pending/discord_voice-1.zip: 93%
2024-02-19T21:35:56.772Z [Modules] Streaming discord_voice@1 to /home/zach/.config/discord/0.0.43/modules/pending/discord_voice-1.zip: 94%
2024-02-19T21:35:56.778Z [Modules] Streaming discord_voice@1 to /home/zach/.config/discord/0.0.43/modules/pending/discord_voice-1.zip: 95%
2024-02-19T21:35:56.783Z [Modules] Streaming discord_voice@1 to /home/zach/.config/discord/0.0.43/modules/pending/discord_voice-1.zip: 96%
2024-02-19T21:35:56.789Z [Modules] Streaming discord_voice@1 to /home/zach/.config/discord/0.0.43/modules/pending/discord_voice-1.zip: 97%
2024-02-19T21:35:56.796Z [Modules] Streaming discord_voice@1 to /home/zach/.config/discord/0.0.43/modules/pending/discord_voice-1.zip: 98%
2024-02-19T21:35:56.804Z [Modules] Streaming discord_voice@1 to /home/zach/.config/discord/0.0.43/modules/pending/discord_voice-1.zip: 99%
2024-02-19T21:35:56.807Z [Modules] Streaming discord_voice@1 to /home/zach/.config/discord/0.0.43/modules/pending/discord_voice-1.zip: 100%
2024-02-19T21:35:56.808Z [Modules] Finished module downloads. [success: 5] [failure: 0]
2024-02-19T21:35:56.808Z [Modules] Installing updates...
2024-02-19T21:35:56.808Z [Modules] Installing discord_desktop_core@1 from /home/zach/.config/discord/0.0.43/modules/pending/discord_desktop_core-1.zip
2024-02-19T21:35:56.853Z [Modules] Installing discord_erlpack@1 from /home/zach/.config/discord/0.0.43/modules/pending/discord_erlpack-1.zip
2024-02-19T21:35:56.886Z [Modules] Installing discord_spellcheck@1 from /home/zach/.config/discord/0.0.43/modules/pending/discord_spellcheck-1.zip
2024-02-19T21:35:57.293Z [Modules] Installing discord_utils@1 from /home/zach/.config/discord/0.0.43/modules/pending/discord_utils-1.zip
2024-02-19T21:35:57.360Z [Modules] Installing discord_voice@1 from /home/zach/.config/discord/0.0.43/modules/pending/discord_voice-1.zip
2024-02-19T21:35:57.729Z [Modules] Finished module installations. [success: 5] [failure: 0]
2024-02-19T21:35:57.730Z [Modules] Checking for host updates.
2024-02-19T21:35:57.808Z [Modules] Host is up to date.
2024-02-19T21:35:57.808Z [Modules] Checking for module updates at https://discord.com/api/modules/stable/versions.json
2024-02-19T21:35:57.809Z [Modules] No module updates available.
2024-02-19T21:35:58.666Z [Modules] Starting to install discord_krisp...
2024-02-19T21:35:58.667Z [Modules] Fetching discord_krisp@1 from https://discord.com/api/modules/stable/discord_krisp/1
2024-02-19T21:35:58.667Z [Modules] Streaming discord_krisp@1 to /home/zach/.config/discord/0.0.43/modules/pending/discord_krisp-1.zip
2024-02-19T21:35:58.671Z [Modules] Starting to install discord_game_utils...
2024-02-19T21:35:58.739Z [Modules] Streaming discord_krisp@1 to /home/zach/.config/discord/0.0.43/modules/pending/discord_krisp-1.zip: 1%
2024-02-19T21:35:58.740Z [Modules] Streaming discord_krisp@1 to /home/zach/.config/discord/0.0.43/modules/pending/discord_krisp-1.zip: 2%
2024-02-19T21:35:58.749Z [Modules] Streaming discord_krisp@1 to /home/zach/.config/discord/0.0.43/modules/pending/discord_krisp-1.zip: 3%
2024-02-19T21:35:58.752Z [Modules] Streaming discord_krisp@1 to /home/zach/.config/discord/0.0.43/modules/pending/discord_krisp-1.zip: 4%
2024-02-19T21:35:58.756Z [Modules] Streaming discord_krisp@1 to /home/zach/.config/discord/0.0.43/modules/pending/discord_krisp-1.zip: 5%
2024-02-19T21:35:58.761Z [Modules] Streaming discord_krisp@1 to /home/zach/.config/discord/0.0.43/modules/pending/discord_krisp-1.zip: 6%
2024-02-19T21:35:58.766Z [Modules] Streaming discord_krisp@1 to /home/zach/.config/discord/0.0.43/modules/pending/discord_krisp-1.zip: 7%
2024-02-19T21:35:58.773Z [Modules] Streaming discord_krisp@1 to /home/zach/.config/discord/0.0.43/modules/pending/discord_krisp-1.zip: 8%
2024-02-19T21:35:58.780Z [Modules] Streaming discord_krisp@1 to /home/zach/.config/discord/0.0.43/modules/pending/discord_krisp-1.zip: 9%
2024-02-19T21:35:58.784Z [Modules] Streaming discord_krisp@1 to /home/zach/.config/discord/0.0.43/modules/pending/discord_krisp-1.zip: 10%
2024-02-19T21:35:58.788Z [Modules] Streaming discord_krisp@1 to /home/zach/.config/discord/0.0.43/modules/pending/discord_krisp-1.zip: 11%
2024-02-19T21:35:58.794Z [Modules] Streaming discord_krisp@1 to /home/zach/.config/discord/0.0.43/modules/pending/discord_krisp-1.zip: 12%
2024-02-19T21:35:58.798Z [Modules] Streaming discord_krisp@1 to /home/zach/.config/discord/0.0.43/modules/pending/discord_krisp-1.zip: 13%
2024-02-19T21:35:58.803Z [Modules] Streaming discord_krisp@1 to /home/zach/.config/discord/0.0.43/modules/pending/discord_krisp-1.zip: 14%
2024-02-19T21:35:58.809Z [Modules] Streaming discord_krisp@1 to /home/zach/.config/discord/0.0.43/modules/pending/discord_krisp-1.zip: 15%
2024-02-19T21:35:58.814Z [Modules] Streaming discord_krisp@1 to /home/zach/.config/discord/0.0.43/modules/pending/discord_krisp-1.zip: 16%
2024-02-19T21:35:58.819Z [Modules] Streaming discord_krisp@1 to /home/zach/.config/discord/0.0.43/modules/pending/discord_krisp-1.zip: 17%
2024-02-19T21:35:58.824Z [Modules] Streaming discord_krisp@1 to /home/zach/.config/discord/0.0.43/modules/pending/discord_krisp-1.zip: 18%
2024-02-19T21:35:58.828Z [Modules] Streaming discord_krisp@1 to /home/zach/.config/discord/0.0.43/modules/pending/discord_krisp-1.zip: 19%
2024-02-19T21:35:58.841Z [Modules] Streaming discord_krisp@1 to /home/zach/.config/discord/0.0.43/modules/pending/discord_krisp-1.zip: 20%
2024-02-19T21:35:58.841Z [Modules] Streaming discord_krisp@1 to /home/zach/.config/discord/0.0.43/modules/pending/discord_krisp-1.zip: 21%
2024-02-19T21:35:58.843Z [Modules] Streaming discord_krisp@1 to /home/zach/.config/discord/0.0.43/modules/pending/discord_krisp-1.zip: 22%
2024-02-19T21:35:58.850Z [Modules] Streaming discord_krisp@1 to /home/zach/.config/discord/0.0.43/modules/pending/discord_krisp-1.zip: 23%
2024-02-19T21:35:58.855Z [Modules] Streaming discord_krisp@1 to /home/zach/.config/discord/0.0.43/modules/pending/discord_krisp-1.zip: 24%
2024-02-19T21:35:58.858Z [Modules] Streaming discord_krisp@1 to /home/zach/.config/discord/0.0.43/modules/pending/discord_krisp-1.zip: 25%
2024-02-19T21:35:58.864Z [Modules] Streaming discord_krisp@1 to /home/zach/.config/discord/0.0.43/modules/pending/discord_krisp-1.zip: 26%
2024-02-19T21:35:58.870Z [Modules] Streaming discord_krisp@1 to /home/zach/.config/discord/0.0.43/modules/pending/discord_krisp-1.zip: 27%
2024-02-19T21:35:58.875Z [Modules] Streaming discord_krisp@1 to /home/zach/.config/discord/0.0.43/modules/pending/discord_krisp-1.zip: 28%
2024-02-19T21:35:58.880Z [Modules] Streaming discord_krisp@1 to /home/zach/.config/discord/0.0.43/modules/pending/discord_krisp-1.zip: 29%
2024-02-19T21:35:58.885Z [Modules] Streaming discord_krisp@1 to /home/zach/.config/discord/0.0.43/modules/pending/discord_krisp-1.zip: 30%
2024-02-19T21:35:58.890Z [Modules] Streaming discord_krisp@1 to /home/zach/.config/discord/0.0.43/modules/pending/discord_krisp-1.zip: 31%
2024-02-19T21:35:58.895Z [Modules] Streaming discord_krisp@1 to /home/zach/.config/discord/0.0.43/modules/pending/discord_krisp-1.zip: 32%
2024-02-19T21:35:58.902Z [Modules] Streaming discord_krisp@1 to /home/zach/.config/discord/0.0.43/modules/pending/discord_krisp-1.zip: 33%
2024-02-19T21:35:58.908Z [Modules] Streaming discord_krisp@1 to /home/zach/.config/discord/0.0.43/modules/pending/discord_krisp-1.zip: 34%
2024-02-19T21:35:58.913Z [Modules] Streaming discord_krisp@1 to /home/zach/.config/discord/0.0.43/modules/pending/discord_krisp-1.zip: 35%
2024-02-19T21:35:58.925Z [Modules] Streaming discord_krisp@1 to /home/zach/.config/discord/0.0.43/modules/pending/discord_krisp-1.zip: 36%
2024-02-19T21:35:58.928Z [Modules] Streaming discord_krisp@1 to /home/zach/.config/discord/0.0.43/modules/pending/discord_krisp-1.zip: 37%
2024-02-19T21:35:58.930Z [Modules] Streaming discord_krisp@1 to /home/zach/.config/discord/0.0.43/modules/pending/discord_krisp-1.zip: 38%
2024-02-19T21:35:58.936Z [Modules] Streaming discord_krisp@1 to /home/zach/.config/discord/0.0.43/modules/pending/discord_krisp-1.zip: 39%
2024-02-19T21:35:58.943Z [Modules] Streaming discord_krisp@1 to /home/zach/.config/discord/0.0.43/modules/pending/discord_krisp-1.zip: 40%
2024-02-19T21:35:58.949Z [Modules] Streaming discord_krisp@1 to /home/zach/.config/discord/0.0.43/modules/pending/discord_krisp-1.zip: 41%
2024-02-19T21:35:58.953Z [Modules] Streaming discord_krisp@1 to /home/zach/.config/discord/0.0.43/modules/pending/discord_krisp-1.zip: 42%
2024-02-19T21:35:58.957Z [Modules] Streaming discord_krisp@1 to /home/zach/.config/discord/0.0.43/modules/pending/discord_krisp-1.zip: 43%
2024-02-19T21:35:58.962Z [Modules] Streaming discord_krisp@1 to /home/zach/.config/discord/0.0.43/modules/pending/discord_krisp-1.zip: 44%
2024-02-19T21:35:58.967Z [Modules] Streaming discord_krisp@1 to /home/zach/.config/discord/0.0.43/modules/pending/discord_krisp-1.zip: 45%
2024-02-19T21:35:58.974Z [Modules] Streaming discord_krisp@1 to /home/zach/.config/discord/0.0.43/modules/pending/discord_krisp-1.zip: 46%
2024-02-19T21:35:58.979Z [Modules] Streaming discord_krisp@1 to /home/zach/.config/discord/0.0.43/modules/pending/discord_krisp-1.zip: 47%
2024-02-19T21:35:58.987Z [Modules] Streaming discord_krisp@1 to /home/zach/.config/discord/0.0.43/modules/pending/discord_krisp-1.zip: 48%
2024-02-19T21:35:58.990Z [Modules] Streaming discord_krisp@1 to /home/zach/.config/discord/0.0.43/modules/pending/discord_krisp-1.zip: 49%
2024-02-19T21:35:58.995Z [Modules] Streaming discord_krisp@1 to /home/zach/.config/discord/0.0.43/modules/pending/discord_krisp-1.zip: 50%
2024-02-19T21:35:59.001Z [Modules] Streaming discord_krisp@1 to /home/zach/.config/discord/0.0.43/modules/pending/discord_krisp-1.zip: 51%
2024-02-19T21:35:59.010Z [Modules] Streaming discord_krisp@1 to /home/zach/.config/discord/0.0.43/modules/pending/discord_krisp-1.zip: 52%
2024-02-19T21:35:59.014Z [Modules] Streaming discord_krisp@1 to /home/zach/.config/discord/0.0.43/modules/pending/discord_krisp-1.zip: 53%
2024-02-19T21:35:59.018Z [Modules] Streaming discord_krisp@1 to /home/zach/.config/discord/0.0.43/modules/pending/discord_krisp-1.zip: 54%
2024-02-19T21:35:59.024Z [Modules] Streaming discord_krisp@1 to /home/zach/.config/discord/0.0.43/modules/pending/discord_krisp-1.zip: 55%
2024-02-19T21:35:59.029Z [Modules] Streaming discord_krisp@1 to /home/zach/.config/discord/0.0.43/modules/pending/discord_krisp-1.zip: 56%
2024-02-19T21:35:59.034Z [Modules] Streaming discord_krisp@1 to /home/zach/.config/discord/0.0.43/modules/pending/discord_krisp-1.zip: 57%
2024-02-19T21:35:59.040Z [Modules] Streaming discord_krisp@1 to /home/zach/.config/discord/0.0.43/modules/pending/discord_krisp-1.zip: 58%
2024-02-19T21:35:59.045Z [Modules] Streaming discord_krisp@1 to /home/zach/.config/discord/0.0.43/modules/pending/discord_krisp-1.zip: 59%
2024-02-19T21:35:59.053Z [Modules] Streaming discord_krisp@1 to /home/zach/.config/discord/0.0.43/modules/pending/discord_krisp-1.zip: 60%
2024-02-19T21:35:59.058Z [Modules] Streaming discord_krisp@1 to /home/zach/.config/discord/0.0.43/modules/pending/discord_krisp-1.zip: 61%
2024-02-19T21:35:59.063Z [Modules] Streaming discord_krisp@1 to /home/zach/.config/discord/0.0.43/modules/pending/discord_krisp-1.zip: 62%
2024-02-19T21:35:59.068Z [Modules] Streaming discord_krisp@1 to /home/zach/.config/discord/0.0.43/modules/pending/discord_krisp-1.zip: 63%
2024-02-19T21:35:59.073Z [Modules] Streaming discord_krisp@1 to /home/zach/.config/discord/0.0.43/modules/pending/discord_krisp-1.zip: 64%
2024-02-19T21:35:59.079Z [Modules] Streaming discord_krisp@1 to /home/zach/.config/discord/0.0.43/modules/pending/discord_krisp-1.zip: 65%
2024-02-19T21:35:59.084Z [Modules] Streaming discord_krisp@1 to /home/zach/.config/discord/0.0.43/modules/pending/discord_krisp-1.zip: 66%
2024-02-19T21:35:59.090Z [Modules] Streaming discord_krisp@1 to /home/zach/.config/discord/0.0.43/modules/pending/discord_krisp-1.zip: 67%
2024-02-19T21:35:59.095Z [Modules] Streaming discord_krisp@1 to /home/zach/.config/discord/0.0.43/modules/pending/discord_krisp-1.zip: 68%
2024-02-19T21:35:59.104Z [Modules] Streaming discord_krisp@1 to /home/zach/.config/discord/0.0.43/modules/pending/discord_krisp-1.zip: 69%
2024-02-19T21:35:59.108Z [Modules] Streaming discord_krisp@1 to /home/zach/.config/discord/0.0.43/modules/pending/discord_krisp-1.zip: 70%
2024-02-19T21:35:59.114Z [Modules] Streaming discord_krisp@1 to /home/zach/.config/discord/0.0.43/modules/pending/discord_krisp-1.zip: 71%
2024-02-19T21:35:59.118Z [Modules] Streaming discord_krisp@1 to /home/zach/.config/discord/0.0.43/modules/pending/discord_krisp-1.zip: 72%
2024-02-19T21:35:59.135Z [Modules] Streaming discord_krisp@1 to /home/zach/.config/discord/0.0.43/modules/pending/discord_krisp-1.zip: 73%
2024-02-19T21:35:59.138Z [Modules] Streaming discord_krisp@1 to /home/zach/.config/discord/0.0.43/modules/pending/discord_krisp-1.zip: 74%
2024-02-19T21:35:59.143Z [Modules] Streaming discord_krisp@1 to /home/zach/.config/discord/0.0.43/modules/pending/discord_krisp-1.zip: 75%
2024-02-19T21:35:59.148Z [Modules] Streaming discord_krisp@1 to /home/zach/.config/discord/0.0.43/modules/pending/discord_krisp-1.zip: 76%
2024-02-19T21:35:59.153Z [Modules] Streaming discord_krisp@1 to /home/zach/.config/discord/0.0.43/modules/pending/discord_krisp-1.zip: 77%
2024-02-19T21:35:59.159Z [Modules] Streaming discord_krisp@1 to /home/zach/.config/discord/0.0.43/modules/pending/discord_krisp-1.zip: 78%
2024-02-19T21:35:59.163Z [Modules] Streaming discord_krisp@1 to /home/zach/.config/discord/0.0.43/modules/pending/discord_krisp-1.zip: 79%
2024-02-19T21:35:59.167Z [Modules] Streaming discord_krisp@1 to /home/zach/.config/discord/0.0.43/modules/pending/discord_krisp-1.zip: 80%
2024-02-19T21:35:59.171Z [Modules] Streaming discord_krisp@1 to /home/zach/.config/discord/0.0.43/modules/pending/discord_krisp-1.zip: 81%
2024-02-19T21:35:59.178Z [Modules] Streaming discord_krisp@1 to /home/zach/.config/discord/0.0.43/modules/pending/discord_krisp-1.zip: 82%
2024-02-19T21:35:59.182Z [Modules] Streaming discord_krisp@1 to /home/zach/.config/discord/0.0.43/modules/pending/discord_krisp-1.zip: 83%
2024-02-19T21:35:59.186Z [Modules] Streaming discord_krisp@1 to /home/zach/.config/discord/0.0.43/modules/pending/discord_krisp-1.zip: 84%
2024-02-19T21:35:59.193Z [Modules] Streaming discord_krisp@1 to /home/zach/.config/discord/0.0.43/modules/pending/discord_krisp-1.zip: 85%
2024-02-19T21:35:59.197Z [Modules] Streaming discord_krisp@1 to /home/zach/.config/discord/0.0.43/modules/pending/discord_krisp-1.zip: 86%
2024-02-19T21:35:59.201Z [Modules] Streaming discord_krisp@1 to /home/zach/.config/discord/0.0.43/modules/pending/discord_krisp-1.zip: 87%
2024-02-19T21:35:59.204Z [Modules] Checking for host updates.
2024-02-19T21:35:59.208Z [Modules] Streaming discord_krisp@1 to /home/zach/.config/discord/0.0.43/modules/pending/discord_krisp-1.zip: 88%
2024-02-19T21:35:59.211Z [Modules] Streaming discord_krisp@1 to /home/zach/.config/discord/0.0.43/modules/pending/discord_krisp-1.zip: 89%
2024-02-19T21:35:59.217Z [Modules] Streaming discord_krisp@1 to /home/zach/.config/discord/0.0.43/modules/pending/discord_krisp-1.zip: 90%
2024-02-19T21:35:59.222Z [Modules] Streaming discord_krisp@1 to /home/zach/.config/discord/0.0.43/modules/pending/discord_krisp-1.zip: 91%
2024-02-19T21:35:59.227Z [Modules] Streaming discord_krisp@1 to /home/zach/.config/discord/0.0.43/modules/pending/discord_krisp-1.zip: 92%
2024-02-19T21:35:59.233Z [Modules] Streaming discord_krisp@1 to /home/zach/.config/discord/0.0.43/modules/pending/discord_krisp-1.zip: 93%
2024-02-19T21:35:59.240Z [Modules] Streaming discord_krisp@1 to /home/zach/.config/discord/0.0.43/modules/pending/discord_krisp-1.zip: 94%
2024-02-19T21:35:59.244Z [Modules] Streaming discord_krisp@1 to /home/zach/.config/discord/0.0.43/modules/pending/discord_krisp-1.zip: 95%
2024-02-19T21:35:59.250Z [Modules] Streaming discord_krisp@1 to /home/zach/.config/discord/0.0.43/modules/pending/discord_krisp-1.zip: 96%
2024-02-19T21:35:59.253Z [Modules] Starting to install discord_rpc...
2024-02-19T21:35:59.256Z [Modules] Streaming discord_krisp@1 to /home/zach/.config/discord/0.0.43/modules/pending/discord_krisp-1.zip: 97%
2024-02-19T21:35:59.262Z [Modules] Streaming discord_krisp@1 to /home/zach/.config/discord/0.0.43/modules/pending/discord_krisp-1.zip: 98%
2024-02-19T21:35:59.265Z [Modules] Streaming discord_krisp@1 to /home/zach/.config/discord/0.0.43/modules/pending/discord_krisp-1.zip: 99%
2024-02-19T21:35:59.270Z [Modules] Streaming discord_krisp@1 to /home/zach/.config/discord/0.0.43/modules/pending/discord_krisp-1.zip: 100%
2024-02-19T21:35:59.271Z [Modules] Fetching discord_game_utils@1 from https://discord.com/api/modules/stable/discord_game_utils/1
2024-02-19T21:35:59.271Z [Modules] Streaming discord_game_utils@1 to /home/zach/.config/discord/0.0.43/modules/pending/discord_game_utils-1.zip
2024-02-19T21:35:59.271Z [Modules] Installing discord_krisp@1 from /home/zach/.config/discord/0.0.43/modules/pending/discord_krisp-1.zip
2024-02-19T21:35:59.275Z [Modules] Host is up to date.
2024-02-19T21:35:59.275Z [Modules] Checking for module updates at https://discord.com/api/modules/stable/versions.json
2024-02-19T21:35:59.276Z [Modules] No module updates available.
2024-02-19T21:35:59.361Z [Modules] Streaming discord_game_utils@1 to /home/zach/.config/discord/0.0.43/modules/pending/discord_game_utils-1.zip: 2%
2024-02-19T21:35:59.362Z [Modules] Streaming discord_game_utils@1 to /home/zach/.config/discord/0.0.43/modules/pending/discord_game_utils-1.zip: 5%
2024-02-19T21:35:59.363Z [Modules] Streaming discord_game_utils@1 to /home/zach/.config/discord/0.0.43/modules/pending/discord_game_utils-1.zip: 7%
2024-02-19T21:35:59.365Z [Modules] Streaming discord_game_utils@1 to /home/zach/.config/discord/0.0.43/modules/pending/discord_game_utils-1.zip: 10%
2024-02-19T21:35:59.365Z [Modules] Streaming discord_game_utils@1 to /home/zach/.config/discord/0.0.43/modules/pending/discord_game_utils-1.zip: 12%
2024-02-19T21:35:59.366Z [Modules] Streaming discord_game_utils@1 to /home/zach/.config/discord/0.0.43/modules/pending/discord_game_utils-1.zip: 15%
2024-02-19T21:35:59.367Z [Modules] Streaming discord_game_utils@1 to /home/zach/.config/discord/0.0.43/modules/pending/discord_game_utils-1.zip: 18%
2024-02-19T21:35:59.368Z [Modules] Streaming discord_game_utils@1 to /home/zach/.config/discord/0.0.43/modules/pending/discord_game_utils-1.zip: 20%
2024-02-19T21:35:59.370Z [Modules] Streaming discord_game_utils@1 to /home/zach/.config/discord/0.0.43/modules/pending/discord_game_utils-1.zip: 23%
2024-02-19T21:35:59.371Z [Modules] Streaming discord_game_utils@1 to /home/zach/.config/discord/0.0.43/modules/pending/discord_game_utils-1.zip: 25%
2024-02-19T21:35:59.373Z [Modules] Streaming discord_game_utils@1 to /home/zach/.config/discord/0.0.43/modules/pending/discord_game_utils-1.zip: 28%
2024-02-19T21:35:59.375Z [Modules] Streaming discord_game_utils@1 to /home/zach/.config/discord/0.0.43/modules/pending/discord_game_utils-1.zip: 29%
2024-02-19T21:35:59.375Z [Modules] Streaming discord_game_utils@1 to /home/zach/.config/discord/0.0.43/modules/pending/discord_game_utils-1.zip: 32%
2024-02-19T21:35:59.376Z [Modules] Streaming discord_game_utils@1 to /home/zach/.config/discord/0.0.43/modules/pending/discord_game_utils-1.zip: 34%
2024-02-19T21:35:59.377Z [Modules] Streaming discord_game_utils@1 to /home/zach/.config/discord/0.0.43/modules/pending/discord_game_utils-1.zip: 37%
2024-02-19T21:35:59.379Z [Modules] Streaming discord_game_utils@1 to /home/zach/.config/discord/0.0.43/modules/pending/discord_game_utils-1.zip: 38%
2024-02-19T21:35:59.379Z [Modules] Streaming discord_game_utils@1 to /home/zach/.config/discord/0.0.43/modules/pending/discord_game_utils-1.zip: 41%
2024-02-19T21:35:59.381Z [Modules] Streaming discord_game_utils@1 to /home/zach/.config/discord/0.0.43/modules/pending/discord_game_utils-1.zip: 44%
2024-02-19T21:35:59.381Z [Modules] Streaming discord_game_utils@1 to /home/zach/.config/discord/0.0.43/modules/pending/discord_game_utils-1.zip: 45%
2024-02-19T21:35:59.384Z [Modules] Streaming discord_game_utils@1 to /home/zach/.config/discord/0.0.43/modules/pending/discord_game_utils-1.zip: 47%
2024-02-19T21:35:59.385Z [Modules] Streaming discord_game_utils@1 to /home/zach/.config/discord/0.0.43/modules/pending/discord_game_utils-1.zip: 50%
2024-02-19T21:35:59.386Z [Modules] Streaming discord_game_utils@1 to /home/zach/.config/discord/0.0.43/modules/pending/discord_game_utils-1.zip: 53%
2024-02-19T21:35:59.388Z [Modules] Streaming discord_game_utils@1 to /home/zach/.config/discord/0.0.43/modules/pending/discord_game_utils-1.zip: 55%
2024-02-19T21:35:59.389Z [Modules] Streaming discord_game_utils@1 to /home/zach/.config/discord/0.0.43/modules/pending/discord_game_utils-1.zip: 58%
2024-02-19T21:35:59.390Z [Modules] Streaming discord_game_utils@1 to /home/zach/.config/discord/0.0.43/modules/pending/discord_game_utils-1.zip: 60%
2024-02-19T21:35:59.392Z [Modules] Streaming discord_game_utils@1 to /home/zach/.config/discord/0.0.43/modules/pending/discord_game_utils-1.zip: 63%
2024-02-19T21:35:59.393Z [Modules] Streaming discord_game_utils@1 to /home/zach/.config/discord/0.0.43/modules/pending/discord_game_utils-1.zip: 65%
2024-02-19T21:35:59.395Z [Modules] Streaming discord_game_utils@1 to /home/zach/.config/discord/0.0.43/modules/pending/discord_game_utils-1.zip: 68%
2024-02-19T21:35:59.396Z [Modules] Streaming discord_game_utils@1 to /home/zach/.config/discord/0.0.43/modules/pending/discord_game_utils-1.zip: 71%
2024-02-19T21:35:59.396Z [Modules] Streaming discord_game_utils@1 to /home/zach/.config/discord/0.0.43/modules/pending/discord_game_utils-1.zip: 72%
2024-02-19T21:35:59.397Z [Modules] Streaming discord_game_utils@1 to /home/zach/.config/discord/0.0.43/modules/pending/discord_game_utils-1.zip: 75%
2024-02-19T21:35:59.400Z [Modules] Streaming discord_game_utils@1 to /home/zach/.config/discord/0.0.43/modules/pending/discord_game_utils-1.zip: 77%
2024-02-19T21:35:59.401Z [Modules] Streaming discord_game_utils@1 to /home/zach/.config/discord/0.0.43/modules/pending/discord_game_utils-1.zip: 80%
2024-02-19T21:35:59.403Z [Modules] Streaming discord_game_utils@1 to /home/zach/.config/discord/0.0.43/modules/pending/discord_game_utils-1.zip: 82%
2024-02-19T21:35:59.403Z [Modules] Streaming discord_game_utils@1 to /home/zach/.config/discord/0.0.43/modules/pending/discord_game_utils-1.zip: 84%
2024-02-19T21:35:59.404Z [Modules] Streaming discord_game_utils@1 to /home/zach/.config/discord/0.0.43/modules/pending/discord_game_utils-1.zip: 86%
2024-02-19T21:35:59.406Z [Modules] Streaming discord_game_utils@1 to /home/zach/.config/discord/0.0.43/modules/pending/discord_game_utils-1.zip: 89%
2024-02-19T21:35:59.408Z [Modules] Streaming discord_game_utils@1 to /home/zach/.config/discord/0.0.43/modules/pending/discord_game_utils-1.zip: 91%
2024-02-19T21:35:59.408Z [Modules] Streaming discord_game_utils@1 to /home/zach/.config/discord/0.0.43/modules/pending/discord_game_utils-1.zip: 94%
2024-02-19T21:35:59.410Z [Modules] Streaming discord_game_utils@1 to /home/zach/.config/discord/0.0.43/modules/pending/discord_game_utils-1.zip: 95%
2024-02-19T21:35:59.412Z [Modules] Streaming discord_game_utils@1 to /home/zach/.config/discord/0.0.43/modules/pending/discord_game_utils-1.zip: 97%
2024-02-19T21:35:59.412Z [Modules] Streaming discord_game_utils@1 to /home/zach/.config/discord/0.0.43/modules/pending/discord_game_utils-1.zip: 98%
2024-02-19T21:35:59.413Z [Modules] Streaming discord_game_utils@1 to /home/zach/.config/discord/0.0.43/modules/pending/discord_game_utils-1.zip: 100%
2024-02-19T21:35:59.414Z [Modules] Fetching discord_rpc@1 from https://discord.com/api/modules/stable/discord_rpc/1
2024-02-19T21:35:59.414Z [Modules] Streaming discord_rpc@1 to /home/zach/.config/discord/0.0.43/modules/pending/discord_rpc-1.zip
2024-02-19T21:35:59.499Z [Modules] Streaming discord_rpc@1 to /home/zach/.config/discord/0.0.43/modules/pending/discord_rpc-1.zip: 100%
2024-02-19T21:35:59.500Z [Modules] Finished module downloads. [success: 3] [failure: 0]
2024-02-19T21:35:59.573Z [Modules] Installing discord_game_utils@1 from /home/zach/.config/discord/0.0.43/modules/pending/discord_game_utils-1.zip
2024-02-19T21:35:59.614Z [Modules] Installing discord_rpc@1 from /home/zach/.config/discord/0.0.43/modules/pending/discord_rpc-1.zip
2024-02-19T21:35:59.620Z [Modules] Finished module installations. [success: 3] [failure: 0]
